
Running 4 tests using 1 worker


🔥 SETUP: Pre-warming Ollama model...

📦 Selected model: deepseek-coder:6.7b
⏳ Warming up model (this may take 60-90 seconds for large models)...
✅ Model warmed up successfully in 9.8s
   Subsequent connection tests will be <10s

ℹ️  Auto-configuration skipped (test user not in database)
   Tests will use connection testing without saving configs

[[95mpercy[39m] Percy is not running, disabling snapshots
Endpoint value: 
Test Connection Response: {
  status: [33m200[39m,
  body: {
    success: [33mtrue[39m,
    message: [32m'Successfully connected to ollama with model deepseek-coder-v2:16b-lite-instruct-q4_K_M'[39m
  }
}
✅ Connection test succeeded
ℹ️  Skipping config save (test user not in database)
   Connection test validation complete - primary objective achieved
  ✓  1 [full] › tests/e2e/break-fix1-user-scenarios.spec.ts:116:7 › BREAK-FIX1: User Manual Test Scenarios › Scenario 1: AI Factory - Ollama Connection Test (1.1m)

🔬 Starting Scenario 2: Code Review with Workspace UI...
Step 1: Navigate to Review app...
  ✘  2 [full] › tests/e2e/break-fix1-user-scenarios.spec.ts:335:7 › BREAK-FIX1: User Manual Test Scenarios › Scenario 2: Code Review - Analysis with Default Model (10.3s)
  -  3 [full] › tests/e2e/break-fix1-user-scenarios.spec.ts:461:7 › BREAK-FIX1: User Manual Test Scenarios › Scenario 3: Health App - Generate Insights for Log
  -  4 [full] › tests/e2e/break-fix1-user-scenarios.spec.ts:529:7 › BREAK-FIX1: Navbar Layout Validation › AI Factory navbar has correct layout


  1) [full] › tests/e2e/break-fix1-user-scenarios.spec.ts:335:7 › BREAK-FIX1: User Manual Test Scenarios › Scenario 2: Code Review - Analysis with Default Model 

    TimeoutError: page.waitForURL: Timeout 10000ms exceeded.
    =========================== logs ===========================
    waiting for navigation until "load"
      navigated to "http://localhost:3000/review"
    ============================================================

      343 |     
      344 |     // Wait for redirect to workspace to complete
    > 345 |     await authenticatedPage.waitForURL(/\/review\/workspace\/\d+/, { timeout: 10000 });
          |                             ^
      346 |     console.log('✅ Redirected to workspace:', authenticatedPage.url());
      347 |     
      348 |     // Wait for page load
        at /home/mikej/projects/DevSmith-Modular-Platform/tests/e2e/break-fix1-user-scenarios.spec.ts:345:29

    attachment #1: screenshot (image/png) ──────────────────────────────────────────────────────────
    ../../../../tmp/playwright-results/break-fix1-user-scenarios--f9aed-Analysis-with-Default-Model-full/test-failed-1.png
    ────────────────────────────────────────────────────────────────────────────────────────────────

    Error Context: ../../../../tmp/playwright-results/break-fix1-user-scenarios--f9aed-Analysis-with-Default-Model-full/error-context.md

  1 failed
    [full] › tests/e2e/break-fix1-user-scenarios.spec.ts:335:7 › BREAK-FIX1: User Manual Test Scenarios › Scenario 2: Code Review - Analysis with Default Model 
  2 did not run
  1 passed (1.4m)
npm notice
npm notice New major version of npm available! 10.8.2 -> 11.6.3
npm notice Changelog: https://github.com/npm/cli/releases/tag/v11.6.3
npm notice To update run: npm install -g npm@11.6.3
npm notice
